// Jest Snapshot v1, https://goo.gl/fbAQLP

exports[`Testing the WatchForm component matches snapshot 1`] = `
<div>
  <div>
    <h3>
      Fill out the form below to get movie recommendations based on your mood!
    </h3>
    <form
      class="WatchForm-form"
    >
      <div>
        <span
          class="WatchForm-categories"
        >
          Genre:
        </span>
        <select
          class="form-select m-2"
          data-testid="genre"
          id="genre"
          name="genre"
        >
          <option
            value=""
          >
             Please pick a genre
          </option>
          <option
            value="1"
          >
            Comedy
          </option>
          <option
            value="2"
          >
            Drama
          </option>
          <option
            value="3"
          >
            Horror
          </option>
        </select>
      </div>
      <div>
         
        <span
          class="WatchForm-categories"
        >
          Decade:
        </span>
        <select
          class="form-select m-2"
          id="decade"
          name="decade"
        >
          <option
            value=""
          >
             Please pick a decade
          </option>
          <option
            value="1920s"
          >
            1920s
          </option>
          <option
            value="1930s"
          >
            1930s
          </option>
          <option
            value="1940s"
          >
            1940s
          </option>
          <option
            value="1950s"
          >
            1950s
          </option>
          <option
            value="1960s"
          >
            1960s
          </option>
          <option
            value="1970s"
          >
            1970s
          </option>
          <option
            value="1980s"
          >
            1980s
          </option>
          <option
            value="1990s"
          >
            1990s
          </option>
          <option
            value="2000s"
          >
            2000s
          </option>
          <option
            value="2010s"
          >
            2010s
          </option>
          <option
            value="2020s"
          >
            2020s
          </option>
        </select>
      </div>
      <div>
        <button
          class="btn btn-info mt-2"
          type="submit"
        >
          submit
        </button>
      </div>
    </form>
  </div>
</div>
`;
